Loading Higgs from OpenML (data_id=23512), features [0, 1], n=1600...
sig_bits:   0%|          | 0/6 [00:00<?, ?it/s]/Users/emile/Documents/gsw-1/lpla.py:129: RuntimeWarning: divide by zero encountered in scalar divide
  x[i] = r(s / R[i, i])
/Users/emile/Documents/gsw-1/lpla.py:129: RuntimeWarning: divide by zero encountered in scalar divide
  x[i] = r(s / R[i, i])
/Users/emile/Documents/gsw-1/lpla.py:129: RuntimeWarning: divide by zero encountered in scalar divide
  x[i] = r(s / R[i, i])
/Users/emile/Documents/gsw-1/lpla.py:129: RuntimeWarning: divide by zero encountered in scalar divide
  x[i] = r(s / R[i, i])
/Users/emile/Documents/gsw-1/lpla.py:129: RuntimeWarning: divide by zero encountered in scalar divide
  x[i] = r(s / R[i, i])
/Users/emile/Documents/gsw-1/lpla.py:129: RuntimeWarning: divide by zero encountered in scalar divide
  x[i] = r(s / R[i, i])
/Users/emile/Documents/gsw-1/lpla.py:141: RuntimeWarning: divide by zero encountered in scalar divide
  x[i] = r(s / L[i, i])
/Users/emile/Documents/gsw-1/lpla.py:141: RuntimeWarning: divide by zero encountered in scalar divide
  x[i] = r(s / L[i, i])
/Users/emile/Documents/gsw-1/lpla.py:141: RuntimeWarning: divide by zero encountered in scalar divide
  x[i] = r(s / L[i, i])
/Users/emile/Documents/gsw-1/lpla.py:129: RuntimeWarning: divide by zero encountered in scalar divide
  x[i] = r(s / R[i, i])
/Users/emile/Documents/gsw-1/lpla.py:129: RuntimeWarning: divide by zero encountered in scalar divide
  x[i] = r(s / R[i, i])
/Users/emile/Documents/gsw-1/lpla.py:129: RuntimeWarning: divide by zero encountered in scalar divide
  x[i] = r(s / R[i, i])
/Users/emile/Documents/gsw-1/lpla.py:129: RuntimeWarning: divide by zero encountered in scalar divide
  x[i] = r(s / R[i, i])
/Users/emile/Documents/gsw-1/lpla.py:129: RuntimeWarning: divide by zero encountered in scalar divide
  x[i] = r(s / R[i, i])
/Users/emile/Documents/gsw-1/lpla.py:129: RuntimeWarning: divide by zero encountered in scalar divide
  x[i] = r(s / R[i, i])
/Users/emile/Documents/gsw-1/lpla.py:141: RuntimeWarning: divide by zero encountered in scalar divide
  x[i] = r(s / L[i, i])
/Users/emile/Documents/gsw-1/lpla.py:141: RuntimeWarning: divide by zero encountered in scalar divide
  x[i] = r(s / L[i, i])
/Users/emile/Documents/gsw-1/lpla.py:129: RuntimeWarning: divide by zero encountered in scalar divide
  x[i] = r(s / R[i, i])
/Users/emile/Documents/gsw-1/lpla.py:129: RuntimeWarning: divide by zero encountered in scalar divide
  x[i] = r(s / R[i, i])
/Users/emile/Documents/gsw-1/lpla.py:129: RuntimeWarning: divide by zero encountered in scalar divide
  x[i] = r(s / R[i, i])
/Users/emile/Documents/gsw-1/lpla.py:129: RuntimeWarning: divide by zero encountered in scalar divide
  x[i] = r(s / R[i, i])
/Users/emile/Documents/gsw-1/lpla.py:129: RuntimeWarning: divide by zero encountered in scalar divide
  x[i] = r(s / R[i, i])
/Users/emile/Documents/gsw-1/lpla.py:141: RuntimeWarning: divide by zero encountered in scalar divide
  x[i] = r(s / L[i, i])
/Users/emile/Documents/gsw-1/lpla.py:129: RuntimeWarning: divide by zero encountered in scalar divide
  x[i] = r(s / R[i, i])
/Users/emile/Documents/gsw-1/lpla.py:141: RuntimeWarning: divide by zero encountered in scalar divide
  x[i] = r(s / L[i, i])
/Users/emile/Documents/gsw-1/lpla.py:141: RuntimeWarning: divide by zero encountered in scalar divide
  x[i] = r(s / L[i, i])
/Users/emile/Documents/gsw-1/lpla.py:129: RuntimeWarning: divide by zero encountered in scalar divide
  x[i] = r(s / R[i, i])
/Users/emile/Documents/gsw-1/lpla.py:129: RuntimeWarning: divide by zero encountered in scalar divide
  x[i] = r(s / R[i, i])
/Users/emile/Documents/gsw-1/lpla.py:129: RuntimeWarning: divide by zero encountered in scalar divide
  x[i] = r(s / R[i, i])
/Users/emile/Documents/gsw-1/lpla.py:129: RuntimeWarning: divide by zero encountered in scalar divide
  x[i] = r(s / R[i, i])
/Users/emile/Documents/gsw-1/lpla.py:129: RuntimeWarning: divide by zero encountered in scalar divide
  x[i] = r(s / R[i, i])
/Users/emile/Documents/gsw-1/lpla.py:141: RuntimeWarning: divide by zero encountered in scalar divide
  x[i] = r(s / L[i, i])
/Users/emile/Documents/gsw-1/lpla.py:129: RuntimeWarning: divide by zero encountered in scalar divide
  x[i] = r(s / R[i, i])
/Users/emile/Documents/gsw-1/lpla.py:141: RuntimeWarning: divide by zero encountered in scalar divide
  x[i] = r(s / L[i, i])
/Users/emile/Documents/gsw-1/lpla.py:141: RuntimeWarning: divide by zero encountered in scalar divide
  x[i] = r(s / L[i, i])
/Users/emile/Documents/gsw-1/lpla.py:141: RuntimeWarning: divide by zero encountered in scalar divide
  x[i] = r(s / L[i, i])
/Users/emile/Documents/gsw-1/lpla.py:129: RuntimeWarning: divide by zero encountered in scalar divide
  x[i] = r(s / R[i, i])
/Users/emile/Documents/gsw-1/lpla.py:129: RuntimeWarning: divide by zero encountered in scalar divide
  x[i] = r(s / R[i, i])
/Users/emile/Documents/gsw-1/lpla.py:129: RuntimeWarning: divide by zero encountered in scalar divide
  x[i] = r(s / R[i, i])
/Users/emile/Documents/gsw-1/lpla.py:129: RuntimeWarning: divide by zero encountered in scalar divide
  x[i] = r(s / R[i, i])
/Users/emile/Documents/gsw-1/lpla.py:129: RuntimeWarning: divide by zero encountered in scalar divide
  x[i] = r(s / R[i, i])
/Users/emile/Documents/gsw-1/lpla.py:141: RuntimeWarning: divide by zero encountered in scalar divide
  x[i] = r(s / L[i, i])
/Users/emile/Documents/gsw-1/lpla.py:129: RuntimeWarning: divide by zero encountered in scalar divide
  x[i] = r(s / R[i, i])
/Users/emile/Documents/gsw-1/lpla.py:141: RuntimeWarning: divide by zero encountered in scalar divide
  x[i] = r(s / L[i, i])
/Users/emile/Documents/gsw-1/lpla.py:141: RuntimeWarning: divide by zero encountered in scalar divide
  x[i] = r(s / L[i, i])
/Users/emile/Documents/gsw-1/lpla.py:141: RuntimeWarning: divide by zero encountered in scalar divide
  x[i] = r(s / L[i, i])
/Users/emile/Documents/gsw-1/lpla.py:141: RuntimeWarning: divide by zero encountered in scalar divide
  x[i] = r(s / L[i, i])
/Users/emile/Documents/gsw-1/lpla.py:141: RuntimeWarning: divide by zero encountered in scalar divide
  x[i] = r(s / L[i, i])
/Users/emile/Documents/gsw-1/lpla.py:129: RuntimeWarning: divide by zero encountered in scalar divide
  x[i] = r(s / R[i, i])
/Users/emile/Documents/gsw-1/lpla.py:129: RuntimeWarning: divide by zero encountered in scalar divide
  x[i] = r(s / R[i, i])
/Users/emile/Documents/gsw-1/lpla.py:141: RuntimeWarning: divide by zero encountered in scalar divide
  x[i] = r(s / L[i, i])
/Users/emile/Documents/gsw-1/lpla.py:129: RuntimeWarning: divide by zero encountered in scalar divide
  x[i] = r(s / R[i, i])
/Users/emile/Documents/gsw-1/lpla.py:129: RuntimeWarning: divide by zero encountered in scalar divide
  x[i] = r(s / R[i, i])
/Users/emile/Documents/gsw-1/lpla.py:141: RuntimeWarning: divide by zero encountered in scalar divide
  x[i] = r(s / L[i, i])
/Users/emile/Documents/gsw-1/lpla.py:129: RuntimeWarning: divide by zero encountered in scalar divide
  x[i] = r(s / R[i, i])
/Users/emile/Documents/gsw-1/lpla.py:129: RuntimeWarning: divide by zero encountered in scalar divide
  x[i] = r(s / R[i, i])
/Users/emile/Documents/gsw-1/lpla.py:141: RuntimeWarning: divide by zero encountered in scalar divide
  x[i] = r(s / L[i, i])
/Users/emile/Documents/gsw-1/lpla.py:141: RuntimeWarning: divide by zero encountered in scalar divide
  x[i] = r(s / L[i, i])
/Users/emile/Documents/gsw-1/lpla.py:141: RuntimeWarning: divide by zero encountered in scalar divide
  x[i] = r(s / L[i, i])
/Users/emile/Documents/gsw-1/lpla.py:141: RuntimeWarning: divide by zero encountered in scalar divide
  x[i] = r(s / L[i, i])
sig_bits:  17%|█▋        | 1/6 [05:57<29:49, 357.88s/it]/Users/emile/Documents/gsw-1/lpla.py:129: RuntimeWarning: divide by zero encountered in scalar divide
  x[i] = r(s / R[i, i])
/Users/emile/Documents/gsw-1/lpla.py:129: RuntimeWarning: divide by zero encountered in scalar divide
  x[i] = r(s / R[i, i])
/Users/emile/Documents/gsw-1/lpla.py:129: RuntimeWarning: divide by zero encountered in scalar divide
  x[i] = r(s / R[i, i])
/Users/emile/Documents/gsw-1/lpla.py:129: RuntimeWarning: divide by zero encountered in scalar divide
  x[i] = r(s / R[i, i])
/Users/emile/Documents/gsw-1/lpla.py:129: RuntimeWarning: divide by zero encountered in scalar divide
  x[i] = r(s / R[i, i])
/Users/emile/Documents/gsw-1/lpla.py:141: RuntimeWarning: divide by zero encountered in scalar divide
  x[i] = r(s / L[i, i])
/Users/emile/Documents/gsw-1/lpla.py:129: RuntimeWarning: divide by zero encountered in scalar divide
  x[i] = r(s / R[i, i])
/Users/emile/Documents/gsw-1/lpla.py:129: RuntimeWarning: divide by zero encountered in scalar divide
  x[i] = r(s / R[i, i])
/Users/emile/Documents/gsw-1/lpla.py:129: RuntimeWarning: divide by zero encountered in scalar divide
  x[i] = r(s / R[i, i])
/Users/emile/Documents/gsw-1/lpla.py:129: RuntimeWarning: divide by zero encountered in scalar divide
  x[i] = r(s / R[i, i])
/Users/emile/Documents/gsw-1/lpla.py:129: RuntimeWarning: divide by zero encountered in scalar divide
  x[i] = r(s / R[i, i])
/Users/emile/Documents/gsw-1/lpla.py:129: RuntimeWarning: divide by zero encountered in scalar divide
  x[i] = r(s / R[i, i])
/Users/emile/Documents/gsw-1/lpla.py:129: RuntimeWarning: divide by zero encountered in scalar divide
  x[i] = r(s / R[i, i])
/Users/emile/Documents/gsw-1/lpla.py:141: RuntimeWarning: divide by zero encountered in scalar divide
  x[i] = r(s / L[i, i])
/Users/emile/Documents/gsw-1/lpla.py:129: RuntimeWarning: divide by zero encountered in scalar divide
  x[i] = r(s / R[i, i])
/Users/emile/Documents/gsw-1/lpla.py:141: RuntimeWarning: divide by zero encountered in scalar divide
  x[i] = r(s / L[i, i])
/Users/emile/Documents/gsw-1/lpla.py:129: RuntimeWarning: divide by zero encountered in scalar divide
  x[i] = r(s / R[i, i])
/Users/emile/Documents/gsw-1/lpla.py:129: RuntimeWarning: divide by zero encountered in scalar divide
  x[i] = r(s / R[i, i])
/Users/emile/Documents/gsw-1/lpla.py:129: RuntimeWarning: divide by zero encountered in scalar divide
  x[i] = r(s / R[i, i])
/Users/emile/Documents/gsw-1/lpla.py:129: RuntimeWarning: divide by zero encountered in scalar divide
  x[i] = r(s / R[i, i])
/Users/emile/Documents/gsw-1/lpla.py:129: RuntimeWarning: divide by zero encountered in scalar divide
  x[i] = r(s / R[i, i])
/Users/emile/Documents/gsw-1/lpla.py:141: RuntimeWarning: divide by zero encountered in scalar divide
  x[i] = r(s / L[i, i])
/Users/emile/Documents/gsw-1/lpla.py:141: RuntimeWarning: divide by zero encountered in scalar divide
  x[i] = r(s / L[i, i])
/Users/emile/Documents/gsw-1/lpla.py:129: RuntimeWarning: divide by zero encountered in scalar divide
  x[i] = r(s / R[i, i])
/Users/emile/Documents/gsw-1/lpla.py:129: RuntimeWarning: divide by zero encountered in scalar divide
  x[i] = r(s / R[i, i])
/Users/emile/Documents/gsw-1/lpla.py:129: RuntimeWarning: divide by zero encountered in scalar divide
  x[i] = r(s / R[i, i])
/Users/emile/Documents/gsw-1/lpla.py:129: RuntimeWarning: divide by zero encountered in scalar divide
  x[i] = r(s / R[i, i])
/Users/emile/Documents/gsw-1/lpla.py:129: RuntimeWarning: divide by zero encountered in scalar divide
  x[i] = r(s / R[i, i])
/Users/emile/Documents/gsw-1/lpla.py:129: RuntimeWarning: divide by zero encountered in scalar divide
  x[i] = r(s / R[i, i])
/Users/emile/Documents/gsw-1/lpla.py:141: RuntimeWarning: divide by zero encountered in scalar divide
  x[i] = r(s / L[i, i])
/Users/emile/Documents/gsw-1/lpla.py:129: RuntimeWarning: divide by zero encountered in scalar divide
  x[i] = r(s / R[i, i])
/Users/emile/Documents/gsw-1/lpla.py:129: RuntimeWarning: divide by zero encountered in scalar divide
  x[i] = r(s / R[i, i])
/Users/emile/Documents/gsw-1/lpla.py:129: RuntimeWarning: divide by zero encountered in scalar divide
  x[i] = r(s / R[i, i])
/Users/emile/Documents/gsw-1/lpla.py:129: RuntimeWarning: divide by zero encountered in scalar divide
  x[i] = r(s / R[i, i])
/Users/emile/Documents/gsw-1/lpla.py:129: RuntimeWarning: divide by zero encountered in scalar divide
  x[i] = r(s / R[i, i])
/Users/emile/Documents/gsw-1/lpla.py:129: RuntimeWarning: divide by zero encountered in scalar divide
  x[i] = r(s / R[i, i])
/Users/emile/Documents/gsw-1/lpla.py:141: RuntimeWarning: divide by zero encountered in scalar divide
  x[i] = r(s / L[i, i])
/Users/emile/Documents/gsw-1/lpla.py:141: RuntimeWarning: divide by zero encountered in scalar divide
  x[i] = r(s / L[i, i])
/Users/emile/Documents/gsw-1/lpla.py:141: RuntimeWarning: divide by zero encountered in scalar divide
  x[i] = r(s / L[i, i])
/Users/emile/Documents/gsw-1/lpla.py:129: RuntimeWarning: divide by zero encountered in scalar divide
  x[i] = r(s / R[i, i])
/Users/emile/Documents/gsw-1/lpla.py:129: RuntimeWarning: divide by zero encountered in scalar divide
  x[i] = r(s / R[i, i])
/Users/emile/Documents/gsw-1/lpla.py:129: RuntimeWarning: divide by zero encountered in scalar divide
  x[i] = r(s / R[i, i])
/Users/emile/Documents/gsw-1/lpla.py:129: RuntimeWarning: divide by zero encountered in scalar divide
  x[i] = r(s / R[i, i])
/Users/emile/Documents/gsw-1/lpla.py:129: RuntimeWarning: divide by zero encountered in scalar divide
  x[i] = r(s / R[i, i])
/Users/emile/Documents/gsw-1/lpla.py:129: RuntimeWarning: divide by zero encountered in scalar divide
  x[i] = r(s / R[i, i])
/Users/emile/Documents/gsw-1/lpla.py:141: RuntimeWarning: divide by zero encountered in scalar divide
  x[i] = r(s / L[i, i])
/Users/emile/Documents/gsw-1/lpla.py:141: RuntimeWarning: divide by zero encountered in scalar divide
  x[i] = r(s / L[i, i])
/Users/emile/Documents/gsw-1/lpla.py:141: RuntimeWarning: divide by zero encountered in scalar divide
  x[i] = r(s / L[i, i])
/Users/emile/Documents/gsw-1/lpla.py:141: RuntimeWarning: divide by zero encountered in scalar divide
  x[i] = r(s / L[i, i])
sig_bits:  33%|███▎      | 2/6 [11:39<23:13, 348.50s/it]/Users/emile/Documents/gsw-1/lpla.py:129: RuntimeWarning: divide by zero encountered in scalar divide
  x[i] = r(s / R[i, i])
/Users/emile/Documents/gsw-1/lpla.py:129: RuntimeWarning: divide by zero encountered in scalar divide
  x[i] = r(s / R[i, i])
/Users/emile/Documents/gsw-1/lpla.py:129: RuntimeWarning: divide by zero encountered in scalar divide
  x[i] = r(s / R[i, i])
/Users/emile/Documents/gsw-1/lpla.py:129: RuntimeWarning: divide by zero encountered in scalar divide
  x[i] = r(s / R[i, i])
/Users/emile/Documents/gsw-1/lpla.py:129: RuntimeWarning: divide by zero encountered in scalar divide
  x[i] = r(s / R[i, i])
/Users/emile/Documents/gsw-1/lpla.py:129: RuntimeWarning: divide by zero encountered in scalar divide
  x[i] = r(s / R[i, i])
/Users/emile/Documents/gsw-1/lpla.py:129: RuntimeWarning: divide by zero encountered in scalar divide
  x[i] = r(s / R[i, i])
/Users/emile/Documents/gsw-1/lpla.py:129: RuntimeWarning: divide by zero encountered in scalar divide
  x[i] = r(s / R[i, i])
/Users/emile/Documents/gsw-1/lpla.py:129: RuntimeWarning: divide by zero encountered in scalar divide
  x[i] = r(s / R[i, i])
/Users/emile/Documents/gsw-1/lpla.py:129: RuntimeWarning: divide by zero encountered in scalar divide
  x[i] = r(s / R[i, i])
/Users/emile/Documents/gsw-1/lpla.py:129: RuntimeWarning: divide by zero encountered in scalar divide
  x[i] = r(s / R[i, i])
/Users/emile/Documents/gsw-1/lpla.py:129: RuntimeWarning: divide by zero encountered in scalar divide
  x[i] = r(s / R[i, i])
/Users/emile/Documents/gsw-1/lpla.py:129: RuntimeWarning: divide by zero encountered in scalar divide
  x[i] = r(s / R[i, i])
/Users/emile/Documents/gsw-1/lpla.py:129: RuntimeWarning: divide by zero encountered in scalar divide
  x[i] = r(s / R[i, i])
/Users/emile/Documents/gsw-1/lpla.py:129: RuntimeWarning: divide by zero encountered in scalar divide
  x[i] = r(s / R[i, i])
/Users/emile/Documents/gsw-1/lpla.py:129: RuntimeWarning: divide by zero encountered in scalar divide
  x[i] = r(s / R[i, i])
/Users/emile/Documents/gsw-1/lpla.py:129: RuntimeWarning: divide by zero encountered in scalar divide
  x[i] = r(s / R[i, i])
/Users/emile/Documents/gsw-1/lpla.py:129: RuntimeWarning: divide by zero encountered in scalar divide
  x[i] = r(s / R[i, i])
/Users/emile/Documents/gsw-1/lpla.py:129: RuntimeWarning: divide by zero encountered in scalar divide
  x[i] = r(s / R[i, i])
/Users/emile/Documents/gsw-1/lpla.py:129: RuntimeWarning: divide by zero encountered in scalar divide
  x[i] = r(s / R[i, i])
/Users/emile/Documents/gsw-1/lpla.py:129: RuntimeWarning: divide by zero encountered in scalar divide
  x[i] = r(s / R[i, i])
/Users/emile/Documents/gsw-1/lpla.py:129: RuntimeWarning: divide by zero encountered in scalar divide
  x[i] = r(s / R[i, i])
sig_bits:  50%|█████     | 3/6 [17:30<17:29, 349.68s/it]/Users/emile/Documents/gsw-1/lpla.py:129: RuntimeWarning: divide by zero encountered in scalar divide
  x[i] = r(s / R[i, i])
/Users/emile/Documents/gsw-1/lpla.py:129: RuntimeWarning: divide by zero encountered in scalar divide
  x[i] = r(s / R[i, i])
/Users/emile/Documents/gsw-1/lpla.py:129: RuntimeWarning: divide by zero encountered in scalar divide
  x[i] = r(s / R[i, i])
sig_bits:  67%|██████▋   | 4/6 [23:24<11:42, 351.30s/it]sig_bits:  83%|████████▎ | 5/6 [29:09<05:48, 348.84s/it]sig_bits: 100%|██████████| 6/6 [30:47<00:00, 263.79s/it]sig_bits: 100%|██████████| 6/6 [30:47<00:00, 307.98s/it]
cached stats -> n_subgauss_higgs_cache.npz
saved n_subgauss_higgs.png
